// Jest Snapshot v1, https://goo.gl/fbAQLP

exports[`Advice should match snap shot 1`] = `ShallowWrapper {}`;
