// Jest Snapshot v1, https://goo.gl/fbAQLP

exports[`App App should mathc snapshot 1`] = `ShallowWrapper {}`;
