// Jest Snapshot v1, https://goo.gl/fbAQLP

exports[`Facts Fatcs should match snapshot 1`] = `ShallowWrapper {}`;
