// Jest Snapshot v1, https://goo.gl/fbAQLP

exports[`NoMatch should match snapshot 1`] = `ShallowWrapper {}`;
